08000000 A _stext
08000000 T _vectors
08000188 T __start
080001dc T stm32_clockconfig
080002f4 T stm32_gpioinit
080002f6 T stm32_gpiowrite
0800031c T stm32_configgpio
08000490 T stm32_unconfiggpio
08000496 T stm32_gpioread
080004c4 T stm32_iocompensation
080004d8 T arm_lowputc
080004f0 T stm32_lowsetup
08000564 t up_setusartint
0800058c t up_restoreusartint
080005a2 t up_disableusartint
080005ce t up_set_format
0800065a t up_receive
08000674 t up_rxint
080006a0 t up_rxavailable
080006ac t up_txready
080006b8 t up_txint
080006fe t up_send
08000716 t up_ioctl
080007b6 t up_detach
080007d2 t up_attach
080007f8 t up_interrupt
08000884 t up_shutdown
08000900 t up_setup
080009b4 T stm32_serial_get_uart
080009d8 T arm_earlyserialinit
08000a00 T arm_serialinit
08000a58 T up_putc
08000a8c T modifyreg32
08000aa8 T exception_common
08000b08 t stm32_irqinfo
08000b70 T up_irqinitialize
08000be4 T up_disable_irq
08000c08 T up_enable_irq
08000c2c T arm_ack_irq
08000c30 T arm_hardfault
08000d10 T arm_svcall
08000d44 T arm_doirq
08000d78 T stm32_boardinitialize
08000d90 t led_clrbits
08000ddc t led_setbits
08000e28 T board_autoled_initialize
08000e60 T board_autoled_on
08000e80 T board_autoled_off
08000ea0 t selfrel_offset31
08000eb4 t search_EIT_table
08000f10 t __gnu_unwind_get_pr_addr
08000f38 t get_eit_entry
08000fd4 t restore_non_core_regs
0800102c t _Unwind_decode_typeinfo_ptr.isra.0
08001038 t __gnu_unwind_24bit.isra.0
0800103c t _Unwind_DebugHook
08001040 t unwind_phase2
0800107c t unwind_phase2_forced
08001148 T _Unwind_GetCFA
0800114c T __gnu_Unwind_RaiseException
080011ac T __gnu_Unwind_ForcedUnwind
080011c0 T __gnu_Unwind_Resume
08001204 T __gnu_Unwind_Resume_or_Rethrow
08001214 T _Unwind_Complete
08001218 T _Unwind_DeleteException
08001224 T _Unwind_VRS_Get
08001254 t _Unwind_GetGR
0800126c T _Unwind_VRS_Set
0800129c t _Unwind_SetGR
080012b4 T __gnu_Unwind_Backtrace
0800132c t __gnu_unwind_pr_common
080015d4 T __aeabi_unwind_cpp_pr0
080015d8 W __aeabi_unwind_cpp_pr1
080015dc W __aeabi_unwind_cpp_pr2
080015e0 T _Unwind_VRS_Pop
08001858 T __restore_core_regs
08001858 T restore_core_regs
08001870 T __gnu_Unwind_Restore_VFP
08001878 T __gnu_Unwind_Save_VFP
08001880 T __gnu_Unwind_Restore_VFP_D
08001888 T __gnu_Unwind_Save_VFP_D
08001890 T __gnu_Unwind_Restore_VFP_D_16_to_31
08001898 T __gnu_Unwind_Save_VFP_D_16_to_31
080018a0 T __gnu_Unwind_Restore_WMMXD
080018e4 T __gnu_Unwind_Save_WMMXD
08001928 T __gnu_Unwind_Restore_WMMXC
0800193c T __gnu_Unwind_Save_WMMXC
08001950 T ___Unwind_RaiseException
08001950 T _Unwind_RaiseException
08001974 T ___Unwind_Resume
08001974 T _Unwind_Resume
08001998 T ___Unwind_Resume_or_Rethrow
08001998 T _Unwind_Resume_or_Rethrow
080019bc T ___Unwind_ForcedUnwind
080019bc T _Unwind_ForcedUnwind
080019e0 T ___Unwind_Backtrace
080019e0 T _Unwind_Backtrace
08001a04 t next_unwind_byte
08001a3c t _Unwind_GetGR.constprop.0
08001a58 t unwind_UCB_from_context
08001a5c T __gnu_unwind_execute
08001cf8 T __gnu_unwind_frame
08001d24 T _Unwind_GetRegionStart
08001d30 T _Unwind_GetLanguageSpecificData
08001d44 T _Unwind_GetDataRelBase
08001d4a T _Unwind_GetTextRelBase
08001d50 T nx_start
08001edc T nx_bringup
08001f14 T irq_attach
08001f54 T irq_dispatch
08001f90 T irq_unexpected_isr
08001fa4 t nxthread_create
08001ff6 T nxtask_create
0800200c T task_create
0800202c T kthread_create
08002044 T nxtask_init
080020e8 T nxtask_uninit
08002108 t nxtask_assign_pid
08002164 t nxthread_setup_scheduler.part.0
080021c0 T nxtask_setup_scheduler
080021ee T pthread_setup_scheduler
0800221a T nxtask_setup_arguments
080022ec T nxtask_activate
08002304 T nxtask_start
08002348 T _exit
0800234e T exit
08002370 t work_hpthread
08002384 T work_start_highpri
080023cc T setenv
0800247c T unsetenv
080024e0 T group_allocate
08002532 T group_initialize
08002542 T group_leave
08002594 T group_setupidlefiles
080025d4 T group_setuptaskfiles
08002618 W irq_initialize
0800263c T pthread_release
0800266c T pthread_mutex_inconsistent
080026a8 T nxsched_release_tcb
080026fc T sched_lock
08002718 T sched_unlock
0800277c T nxsem_destroy
08002792 T sem_destroy
080027ac T nxsig_procmask
0800280c T sigprocmask
08002828 T nxsig_unmask_pendingsignal
0800288c T nxsig_remove_pendingsignal
080028c8 T nxsig_release_pendingsignal
08002908 T nxsig_lowest
08002926 T nxsig_cleanup
08002958 T nxsig_release
08002980 T nxsig_tcbdispatch
08002b38 T nxsig_dispatch
08002b54 T nxsig_deliver
08002bfe T nxtask_exithook
08002c96 T nxtask_recover
08002cae T wd_recover
08002cb4 T work_process
08002d7c T clock_basetime
08002d9c W clock_initialize
08002da0 W clock_timer
08002db0 T env_dup
08002e0c T env_release
08002e20 T env_findvar
08002e58 T env_removevar
08002e98 T group_setupstreams
08002eca T nxmq_recover
08002eea T nxmq_wait_irq
08002f26 T pthread_sem_take
08002f48 T pthread_sem_give
08002f60 T nxsched_get_tcb
08002f98 T nxsem_wait
08002fec T nxsem_wait_uninterruptible
08002ffc T sem_wait
08003018 T nxsem_timedwait
08003020 T nxsem_timedwait_uninterruptible
08003028 T sem_timedwait
08003030 T nxsem_clockwait
080030a4 T nxsem_clockwait_uninterruptible
080030bc T sem_clockwait
080030d8 T nxsem_timeout
08003100 T nxsem_post
08003168 T sem_post
08003184 T nxsem_recover
080031a8 T nxsem_wait_irq
080031d4 W nxsig_initialize
08003290 T nxsig_alloc_actionblock
080032b8 T nxsig_release_action
080032c4 T nxsig_action
08003360 T sigaction
08003380 T nxsig_pendingset
080033ac T sigpending
080033d0 t nxsig_timeout
080033ee T nxsig_timedwait
080034e8 T sigtimedwait
08003504 T nxsig_find_action
08003528 T nxsig_alloc_pendingsigaction
08003570 T nxsig_release_pendingsigaction
080035b0 T nxsig_usleep
080035dc T getpid
080035f8 T wd_start
080036a0 T wd_timer
080036e8 T wd_cancel
0800374c T clock_timespec_compare
08003768 T clock_abstime2ticks
080037c4 T nxsem_trywait
08003800 T sem_trywait
0800381c T nxsig_nanosleep
080038a4 T clock_nanosleep
08003908 W wd_initialize
08003918 T clock_gettime
080039a8 T clock_time2ticks
080039e0 T clock_ticks2time
080039fc T clock_systime_timespec
08003a3c T clock_timespec_subtract
08003a78 t uart_putc
08003a98 t uart_putxmitchar
08003b3a t uart_read
08003c64 t uart_open
08003cee t uart_pollnotify
08003d3e t uart_poll
08003e16 t uart_tcdrain
08003ecc t uart_write
08003fe4 T uart_register
08004070 T uart_datareceived
08004090 T uart_datasent
080040b0 t uart_ioctl
080041ee T uart_connected
08004230 T uart_reset_sem
08004268 t uart_close
080042dc T uart_xmitchars
0800434a T uart_recvchars
080043b0 T syslog_initialize
080043b4 T syslog_console_channel
080043dc T syslog_channel
080043f0 t syslog_dev_takesem
0800441c T syslog_dev_initialize
08004484 t syslog_dev_outputready
080044e4 T syslog_dev_write
080045a8 T syslog_dev_putc
08004608 T syslog_dev_flush
0800460c T _assert
08004618 T __errno
08004622 T lib_stream_initialize
08004662 T lib_stream_release
080046aa T lib_sem_initialize
080046c4 T lib_take_semaphore
080046f2 T lib_give_semaphore
0800470e T sq_addlast
08004722 T sq_addfirst
0800472e T sq_addafter
0800474a T sq_rem
08004776 T sq_remfirst
0800478a T sq_remafter
080047ac T dq_addfirst
080047c2 T dq_rem
080047e0 T nxtask_startup
08004838 T nxsem_init
0800484e T sem_init
0800486e T nxsem_get_value
08004882 T sem_getvalue
0800489c T nxsem_set_protocol
080048b0 T sem_setprotocol
080048ca T nxsig_addset
080048e4 T sigaddset
080048fc T nxsig_delset
08004916 T sigdelset
0800492e T sigemptyset
08004936 T nxsig_ismember
08004948 T sigismember
08004960 T sprintf
08004990 t memoutstream_putc
080049aa T lib_memoutstream
080049c8 T lib_noflush
080049cc T lib_vsprintf
080051e8 T __ultoa_invert
08005240 T __dtoa_engine
08005444 T lib_flushall
08005480 T lib_fflush
08005510 T abort
08005518 T memset
08005528 T strcpy
08005538 T strdup
0800555a T strlen
0800556a T strnlen
08005584 T strncpy
080055a8 T memcpy
080055c0 T vsyslog
080055e0 T syslog
080055fc T setlogmask
0800560c T cfsetspeed
08005650 T cfgetspeed
08005654 T clock_calendar2utc
08005688 T clock_daysbeforemonth
080056a0 T clock_isleapyear
080056cc T tls_get_info
080056e4 T stream_semtake
080056f4 T stream_semgive
080056f8 T umm_initialize
08005708 T free
08005714 T malloc
08005720 T realloc
08005730 T zalloc
0800573c T iob_initialize
080057c4 T mm_addregion
08005836 T mm_initialize
0800587e T mm_seminitialize
08005896 T mm_trysemaphore
080058d2 T mm_takesemaphore
08005906 T mm_givesemaphore
08005920 T mm_addfreechunk
08005956 T mm_size2ndx
08005970 T mm_free
08005a34 T mm_malloc
08005ada T mm_realloc
08005c84 T mm_zalloc
08005c9c T mm_shrinkchunk
08005d00 T up_allocate_heap
08005d24 T arm_addregion
08005d30 t stm32_timerisr
08005d3a T up_timer_initialize
08005d80 T up_idle
08005d84 t up_stackdump
08005dd4 T up_assert
08005f84 T up_block_task
08005ff0 T arm_copyfullstate
08006008 T up_create_stack
0800605c T up_exit
08006080 T up_initialize
080060ac T up_initial_state
080060f8 T up_interrupt_context
08006108 T up_release_pending
08006150 T up_release_stack
08006170 T up_schedule_sigaction
080061f0 T arm_sigdeliver
0800624c T up_stack_frame
08006274 T up_unblock_task
080062c4 T up_use_stack
08006304 T up_mdelay
08006330 T arm_saveusercontext
08006344 T arm_fullcontextrestore
0800634e T arm_switchcontext
0800635c t stm32_req_complete
08006398 t stm32_req_dispatch
080063ca t stm32_epout_configure
08006454 t stm32_epin_configure
080064e0 t stm32_ep_configure
080064f8 t stm32_ep_clrstall
0800652c t stm32_ep_alloc
08006596 t stm32_getframe
080065a4 t stm32_selfpowered
080065b0 t stm32_pullup
080065d8 t stm32_txfifo_flush
08006600 t stm32_rxfifo_flush
08006628 t stm32_req_cancel
08006656 t stm32_ep_cancel
08006672 t stm32_ep_freereq
08006678 t stm32_ep_allocreq
08006690 t stm32_wakeup
080066d0 t stm32_ep0out_ctrlsetup.isra.0
080066f0 t stm32_epin_transfer
08006788 t stm32_epin_request
08006860 t stm32_rxfifo_read.isra.0
08006898 t stm32_rxfifo_discard.isra.0
080068b8 t stm32_epout_request.part.0
08006940 t stm32_ep_submit
080069a0 t stm32_enablegonak.isra.0
080069b8 t stm32_ep_disable
08006a98 t stm32_ep_free
08006ac0 t stm32_ep0in_transmitzlp
08006ade t stm32_epout_setstall
08006b20 t stm32_ep_setstall
08006b48 t stm32_ep_stall
08006b66 t stm32_epout_complete.constprop.0
08006b98 t stm32_usbreset.constprop.0
08006c80 t stm32_ep0out_setup.part.0
08006fcc t stm32_usbinterrupt
08007404 T usbdev_register
08007438 T usbdev_unregister
08007480 T arm_usbuninitialize
0800750c T arm_usbinitialize
0800775c t stm32_freesegment
08007790 t stm32_phyread
080077e8 t stm32_phywrite
0800783c t stm32_txtimeout_expiry
08007860 t stm32_txavail
08007880 t stm32_poll_expiry
0800789c t stm32_dopoll
080078e0 t stm32_txavail_work
080078fc t stm32_poll_work
0800795c t stm32_transmit
080079f8 t stm32_txpoll
08007a4a t stm32_ioctl
08007a80 t stm32_interrupt
08007ac0 t stm32_ethreset.isra.0
08007b0c t stm32_ifdown
08007b40 t stm32_ifup
08007e24 t stm32_txtimeout_work
08007e4a t stm32_interrupt_work
08008074 T arm_netinitialize
08008148 T up_udelay
080081c0 T phigw_main
080081f8 t _ZN8nlohmann6detail10serializerINS_10basic_jsonINSt3__13mapENS3_6vectorENS3_12basic_stringIcNS3_11char_traitsIcEENS3_9allocatorIcEEEEbxydS9_NS_14adl_serializerENS5_IhNS9_IhEEEEEEE12count_digitsEy.isra.0
08008260 T _ZN3Log5printENSt3__112basic_stringIcNS0_11char_traitsIcEENS0_9allocatorIcEEEE
080083e4 W _ZN8nlohmann6detail21output_string_adapterIcNSt3__112basic_stringIcNS2_11char_traitsIcEENS2_9allocatorIcEEEEED1Ev
080083e4 W _ZN8nlohmann6detail21output_string_adapterIcNSt3__112basic_stringIcNS2_11char_traitsIcEENS2_9allocatorIcEEEEED2Ev
080083e6 W _ZN8nlohmann6detail21output_string_adapterIcNSt3__112basic_stringIcNS2_11char_traitsIcEENS2_9allocatorIcEEEEED0Ev
080083f4 W _ZNSt3__120__shared_ptr_emplaceIN8nlohmann6detail21output_string_adapterIcNS_12basic_stringIcNS_11char_traitsIcEENS_9allocatorIcEEEEEENS7_ISA_EEE21__on_zero_shared_weakEv
080083fa W _ZN8nlohmann6detail21output_string_adapterIcNSt3__112basic_stringIcNS2_11char_traitsIcEENS2_9allocatorIcEEEEE16write_charactersEPKcj
08008400 W _ZN8nlohmann6detail21output_string_adapterIcNSt3__112basic_stringIcNS2_11char_traitsIcEENS2_9allocatorIcEEEEE15write_characterEc
08008408 W _ZNSt3__120__shared_ptr_emplaceIN8nlohmann6detail21output_string_adapterIcNS_12basic_stringIcNS_11char_traitsIcEENS_9allocatorIcEEEEEENS7_ISA_EEED1Ev
08008408 W _ZNSt3__120__shared_ptr_emplaceIN8nlohmann6detail21output_string_adapterIcNS_12basic_stringIcNS_11char_traitsIcEENS_9allocatorIcEEEEEENS7_ISA_EEED2Ev
0800841c W _ZNSt3__120__shared_ptr_emplaceIN8nlohmann6detail21output_string_adapterIcNS_12basic_stringIcNS_11char_traitsIcEENS_9allocatorIcEEEEEENS7_ISA_EEED0Ev
08008430 W _ZNSt3__120__shared_ptr_emplaceIN8nlohmann6detail21output_string_adapterIcNS_12basic_stringIcNS_11char_traitsIcEENS_9allocatorIcEEEEEENS7_ISA_EEE16__on_zero_sharedEv
08008432 W _ZN8nlohmann6detail9dtoa_impl5diyfp3mulERKS2_S4_
080084b4 W _ZN8nlohmann6detail9dtoa_impl36get_cached_power_for_binary_exponentEi
08008558 W _ZN8nlohmann6detail9dtoa_impl12grisu2_roundEPciyyyy
0800862c W _ZN8nlohmann6detail9dtoa_impl16grisu2_digit_genEPcRiS3_NS1_5diyfpES4_S4_
080088f0 W _ZN8nlohmann6detail9dtoa_impl15append_exponentEPci
08008974 W _ZNK8nlohmann10basic_jsonINSt3__13mapENS1_6vectorENS1_12basic_stringIcNS1_11char_traitsIcEENS1_9allocatorIcEEEEbxydS7_NS_14adl_serializerENS3_IhNS7_IhEEEEE16assert_invariantEb
080089bc W _ZN8nlohmann10basic_jsonINSt3__13mapENS1_6vectorENS1_12basic_stringIcNS1_11char_traitsIcEENS1_9allocatorIcEEEEbxydS7_NS_14adl_serializerENS3_IhNS7_IhEEEEEC1EOSD_
080089bc W _ZN8nlohmann10basic_jsonINSt3__13mapENS1_6vectorENS1_12basic_stringIcNS1_11char_traitsIcEENS1_9allocatorIcEEEEbxydS7_NS_14adl_serializerENS3_IhNS7_IhEEEEEC2EOSD_
080089ee W _ZN8nlohmann10basic_jsonINSt3__13mapENS1_6vectorENS1_12basic_stringIcNS1_11char_traitsIcEENS1_9allocatorIcEEEEbxydS7_NS_14adl_serializerENS3_IhNS7_IhEEEEEC1EDn
080089ee W _ZN8nlohmann10basic_jsonINSt3__13mapENS1_6vectorENS1_12basic_stringIcNS1_11char_traitsIcEENS1_9allocatorIcEEEEbxydS7_NS_14adl_serializerENS3_IhNS7_IhEEEEEC2EDn
08008a0a W _ZNSt3__110shared_ptrIN8nlohmann6detail23output_adapter_protocolIcEEED1Ev
08008a0a W _ZNSt3__110shared_ptrIN8nlohmann6detail23output_adapter_protocolIcEEED2Ev
08008a40 W _ZN8nlohmann6detail10serializerINS_10basic_jsonINSt3__13mapENS3_6vectorENS3_12basic_stringIcNS3_11char_traitsIcEENS3_9allocatorIcEEEEbxydS9_NS_14adl_serializerENS5_IhNS9_IhEEEEEEE12dump_escapedERKSB_b
08008d5c W _ZN8nlohmann6detail10serializerINS_10basic_jsonINSt3__13mapENS3_6vectorENS3_12basic_stringIcNS3_11char_traitsIcEENS3_9allocatorIcEEEEbxydS9_NS_14adl_serializerENS5_IhNS9_IhEEEEEEE12dump_integerIhLi0EEEvT_
08008e18 W _ZN8nlohmann6detail10serializerINS_10basic_jsonINSt3__13mapENS3_6vectorENS3_12basic_stringIcNS3_11char_traitsIcEENS3_9allocatorIcEEEEbxydS9_NS_14adl_serializerENS5_IhNS9_IhEEEEEEE12dump_integerIxLi0EEEvT_
08008ef8 W _ZN8nlohmann6detail10serializerINS_10basic_jsonINSt3__13mapENS3_6vectorENS3_12basic_stringIcNS3_11char_traitsIcEENS3_9allocatorIcEEEEbxydS9_NS_14adl_serializerENS5_IhNS9_IhEEEEEEE12dump_integerIyLi0EEEvT_
08008fb8 W _ZNSt3__114__split_bufferIN8nlohmann10basic_jsonINS_3mapENS_6vectorENS_12basic_stringIcNS_11char_traitsIcEENS_9allocatorIcEEEEbxydS8_NS1_14adl_serializerENS4_IhNS8_IhEEEEEERNS8_ISE_EEEC1EjjSG_
08008fb8 W _ZNSt3__114__split_bufferIN8nlohmann10basic_jsonINS_3mapENS_6vectorENS_12basic_stringIcNS_11char_traitsIcEENS_9allocatorIcEEEEbxydS8_NS1_14adl_serializerENS4_IhNS8_IhEEEEEERNS8_ISE_EEEC2EjjSG_
08008fee W _ZNSt3__16vectorIN8nlohmann10basic_jsonINS_3mapES0_NS_12basic_stringIcNS_11char_traitsIcEENS_9allocatorIcEEEEbxydS7_NS1_14adl_serializerENS0_IhNS7_IhEEEEEENS7_ISD_EEE26__swap_out_circular_bufferERNS_14__split_bufferISD_RSE_EE
0800902c W _ZNSt3__16__treeINS_12__value_typeINS_12basic_stringIcNS_11char_traitsIcEENS_9allocatorIcEEEEN8nlohmann10basic_jsonINS_3mapENS_6vectorES7_bxydS5_NS8_14adl_serializerENSB_IhNS5_IhEEEEEEEENS_19__map_value_compareIS7_SG_NS_4lessIvEELb1EEENS5_ISG_EEE7destroyEPNS_11__tree_nodeISG_PvEE
08009062 W _ZN8nlohmann10basic_jsonINSt3__13mapENS1_6vectorENS1_12basic_stringIcNS1_11char_traitsIcEENS1_9allocatorIcEEEEbxydS7_NS_14adl_serializerENS3_IhNS7_IhEEEEE10json_value7destroyENS_6detail7value_tE
08009382 W _ZN8nlohmann10basic_jsonINSt3__13mapENS1_6vectorENS1_12basic_stringIcNS1_11char_traitsIcEENS1_9allocatorIcEEEEbxydS7_NS_14adl_serializerENS3_IhNS7_IhEEEEED1Ev
08009382 W _ZN8nlohmann10basic_jsonINSt3__13mapENS1_6vectorENS1_12basic_stringIcNS1_11char_traitsIcEENS1_9allocatorIcEEEEbxydS7_NS_14adl_serializerENS3_IhNS7_IhEEEEED2Ev
0800939a W _ZNSt3__114__split_bufferIN8nlohmann10basic_jsonINS_3mapENS_6vectorENS_12basic_stringIcNS_11char_traitsIcEENS_9allocatorIcEEEEbxydS8_NS1_14adl_serializerENS4_IhNS8_IhEEEEEERNS8_ISE_EEED1Ev
0800939a W _ZNSt3__114__split_bufferIN8nlohmann10basic_jsonINS_3mapENS_6vectorENS_12basic_stringIcNS_11char_traitsIcEENS_9allocatorIcEEEEbxydS8_NS1_14adl_serializerENS4_IhNS8_IhEEEEEERNS8_ISE_EEED2Ev
080093c0 W _ZNSt3__16vectorIN8nlohmann10basic_jsonINS_3mapES0_NS_12basic_stringIcNS_11char_traitsIcEENS_9allocatorIcEEEEbxydS7_NS1_14adl_serializerENS0_IhNS7_IhEEEEEENS7_ISD_EEE7reserveEj
080093f4 W _ZNSt3__113__vector_baseIN8nlohmann10basic_jsonINS_3mapENS_6vectorENS_12basic_stringIcNS_11char_traitsIcEENS_9allocatorIcEEEEbxydS8_NS1_14adl_serializerENS4_IhNS8_IhEEEEEENS8_ISE_EEED1Ev
080093f4 W _ZNSt3__113__vector_baseIN8nlohmann10basic_jsonINS_3mapENS_6vectorENS_12basic_stringIcNS_11char_traitsIcEENS_9allocatorIcEEEEbxydS8_NS1_14adl_serializerENS4_IhNS8_IhEEEEEENS8_ISE_EEED2Ev
0800942a W _ZNSt3__118__tree_left_rotateIPNS_16__tree_node_baseIPvEEEEvT_
08009448 W _ZNSt3__119__tree_right_rotateIPNS_16__tree_node_baseIPvEEEEvT_
08009466 W _ZNSt3__127__tree_balance_after_insertIPNS_16__tree_node_baseIPvEEEEvT_S5_
080094f8 W _ZN8nlohmann6detail9dtoa_impl18compute_boundariesIdEENS1_10boundariesET_
080096b0 W _ZN8nlohmann6detail8to_charsIdEEPcS2_PKcT_
0800991c W _ZN8nlohmann6detail10serializerINS_10basic_jsonINSt3__13mapENS3_6vectorENS3_12basic_stringIcNS3_11char_traitsIcEENS3_9allocatorIcEEEEbxydS9_NS_14adl_serializerENS5_IhNS9_IhEEEEEEE4dumpERKSF_bbjj
08009f98 W _ZNK8nlohmann10basic_jsonINSt3__13mapENS1_6vectorENS1_12basic_stringIcNS1_11char_traitsIcEENS1_9allocatorIcEEEEbxydS7_NS_14adl_serializerENS3_IhNS7_IhEEEEE4dumpEicbNS_6detail15error_handler_tE
0800a084 W _ZNKSt3__112basic_stringIcNS_11char_traitsIcEENS_9allocatorIcEEE7compareINS_17basic_string_viewIcS2_EEEENS_9_MetaBaseIXsrNS_33__can_be_converted_to_string_viewIcS2_T_EE5valueEE13_EnableIfImplIiEERKSB_
0800a0be W _ZNSt3__16__treeINS_12__value_typeINS_12basic_stringIcNS_11char_traitsIcEENS_9allocatorIcEEEEN8nlohmann10basic_jsonINS_3mapENS_6vectorES7_bxydS5_NS8_14adl_serializerENSB_IhNS5_IhEEEEEEEENS_19__map_value_compareIS7_SG_NS_4lessIvEELb1EEENS5_ISG_EEE25__emplace_unique_key_argsIS7_JRKNS_21piecewise_construct_tENS_5tupleIJOS7_EEENSR_IJEEEEEENS_4pairINS_15__tree_iteratorISG_PNS_11__tree_nodeISG_PvEEiEEbEERKT_DpOT0_
0800a190 T netdev_register
0800a268 T net_initialize
0800a28e T arp_arpin
0800a338 T arp_out
0800a3b4 T arp_format
0800a41c t arp_match
0800a446 T arp_update
0800a4a0 T arp_hdr_update
0800a4a6 T arp_lookup
0800a4e4 T arp_find
0800a51c T arp_delete
0800a52c T pkt_initialize
0800a55c T pkt_alloc
0800a590 T pkt_free
0800a5c0 T pkt_active
0800a5ec T pkt_nextconn
0800a5fc T pkt_input
0800a628 T pkt_callback
0800a63c T local_initialize
0800a64c T local_alloc
0800a674 T local_free
0800a6b0 t local_cs_name
0800a6ec t local_sc_name
0800a728 t local_fifo_exists
0800a750 t local_rx_open
0800a772 t local_tx_open
0800a794 t local_create_fifo
0800a7b6 T local_create_fifos
0800a7de T local_create_halfduplex
0800a804 T local_release_fifos
0800a848 T local_release_halfduplex
0800a84c T local_open_client_rx
0800a878 T local_open_client_tx
0800a8a4 T local_open_server_rx
0800a8d0 T local_open_server_tx
0800a8fc T local_open_receiver
0800a93c T local_open_sender
0800a978 T local_listen
0800a9c0 t tcp_ipv4_listener
0800a9f0 t tcp_selectport.isra.0
0800aa6c T tcp_initialize
0800aa9c T tcp_free
0800ab08 T tcp_alloc
0800ab9c T tcp_active
0800abe0 T tcp_nextconn
0800abf4 T tcp_alloc_accept
0800ac8c T tcp_bind
0800acd0 T tcp_connect
0800ad60 T tcp_setsequence
0800ad70 T tcp_getsequence
0800ad76 T tcp_addsequence
0800ad80 T tcp_initsequence
0800ad8c T tcp_nextsequence
0800ad9c T tcp_local_ipv4_device
0800adc0 T tcp_remote_ipv4_device
0800ade8 T tcp_findlistener
0800ae0c T tcp_listen_initialize
0800ae24 T tcp_unlisten
0800ae58 T tcp_islistener
0800ae66 T tcp_listen
0800aea4 T tcp_accept_connection
0800aedc T tcp_datahandler
0800af2e T tcp_callback
0800af84 T tcp_backlogdestroy
0800afb6 T tcp_backlogcreate
0800b006 T tcp_backlogadd
0800b032 T tcp_backlogavailable
0800b042 T tcp_backlogremove
0800b068 T tcp_backlogdelete
0800b0ac t udp_find_conn.isra.0
0800b0d8 t udp_select_port.isra.0
0800b13c T udp_initialize
0800b17c T udp_alloc
0800b1b4 T udp_free
0800b1f4 T udp_active
0800b244 T udp_nextconn
0800b254 T udp_bind
0800b294 T udp_connect
0800b2c0 T devif_initialize
0800b2c4 T devif_poll
0800b33c T devif_timer
0800b378 t devif_callback_free
0800b3d8 T devif_callback_init
0800b400 T devif_callback_alloc
0800b454 T devif_conn_callback_free
0800b472 T devif_dev_callback_free
0800b496 T devif_conn_event
0800b4f8 T devif_dev_event
0800b550 T devif_loopback
0800b5a4 T ipv4_input
0800b65e T ipv4_upperlayer_chksum
0800b6b2 T ipv4_chksum
0800b6d8 T net_lockinitialize
0800b6e8 T net_lock
0800b720 T net_trylock
0800b758 T net_unlock
0800b780 T net_breaklock
0800b7c8 T net_restorelock
0800b7f0 t _net_timedwait
0800b894 T net_timedwait
0800b89a T net_lockedwait
0800b8a2 T net_timedwait_uninterruptible
0800b8a8 T net_lockedwait_uninterruptible
0800b8b0 T net_ioballoc
0800b8f4 T icmp_poll
0800b914 T icmp_sock_initialize
0800b95c T icmp_alloc
0800b99c T icmp_free
0800b9d8 T icmp_active
0800b9f0 T icmp_nextconn
0800ba00 T icmp_findconn
0800ba28 T netdev_findby_lipv4addr
0800ba58 T netdev_findby_ripv4addr
0800ba7c T netdev_foreach
0800baa4 T netdev_default
0800bad0 T netdev_verify
0800baf8 T icmp_input
0800bc16 T pkt_poll
0800bc3c T tcp_poll
0800bc74 T tcp_timer
0800be70 t tcp_sendcomplete
0800bed4 t tcp_sendcommon
0800bf38 T tcp_send
0800bf50 T tcp_reset
0800bff0 T tcp_synack
0800c01c T tcp_ipv4_input
0800c52c T tcp_rexmit
0800c55c T tcp_appsend
0800c5c0 t tcp_shutdown_monitor
0800c5ee t tcp_close_connection.isra.0
0800c60e t tcp_disconnect_event
0800c636 T tcp_start_monitor
0800c684 T tcp_stop_monitor
0800c686 T tcp_close_monitor
0800c6b8 T tcp_lost_connection
0800c6d8 T tcp_ipv4_select
0800c6e6 T tcp_get_recvwindow
0800c724 T udp_poll
0800c758 T udp_send
0800c7e4 T udp_ipv4_input
0800c852 T udp_callback
0800c930 T udp_ipv4_select
0800c93e T chksum
0800c992 T net_chksum
0800c9a6 T net_incr32
0800c9f0 T tcp_ipv4_chksum
0800c9f8 T net_timeo
0800ca18 T fs_initialize
0800ca1c T files_initlist
0800ca24 T files_releaselist
0800ca46 T files_allocate
0800ca96 T nx_dup2
0800cadc T dup2
0800caf6 T nx_close
0800cb30 T close
0800cb4c T inode_initialize
0800cb70 T inode_semtake
0800cba4 T inode_semgive
0800cbc8 t inode_alloc
0800cc04 T inode_root_reserve
0800cc1c T inode_reserve
0800ccb8 T inode_nextname
0800ccd4 T inode_search
0800cda4 T file_close
0800cdd0 T file_dup2
0800ce3a T file_vioctl
0800ce56 t nx_vioctl
0800ced8 T file_ioctl
0800cef2 T nx_ioctl
0800cf0c T ioctl
0800cf38 T inode_checkflags
0800cf60 t file_vopen.constprop.0
0800cff2 t nx_vopen
0800d024 T file_open
0800d03e T nx_open
0800d058 T open
0800d084 T inode_stat
0800d0f0 T nx_stat
0800d14c T stat
0800d168 T lstat
0800d184 T nx_unlink
0800d224 T unlink
0800d240 T file_write
0800d260 T nx_write
0800d286 T write
0800d2a0 T fs_fdopen
0800d372 T register_driver
0800d3ac T inode_addref
0800d3cc T inode_find
0800d3f2 T inode_release
0800d42e T inode_unlink
0800d476 T inode_remove
0800d4a0 t file_vfcntl
0800d50e t nx_vfcntl
0800d552 T file_fcntl
0800d56c T nx_fcntl
0800d586 T fcntl
0800d5b2 T fs_getfilep
0800d5e0 t sock_file_poll
0800d5e6 t sock_file_ioctl
0800d5ec t sock_file_write
0800d5f4 t sock_file_read
0800d608 t sock_file_close
0800d61c t sock_file_open
0800d64a T sockfd_allocate
0800d688 T sockfd_socket
0800d6ae T socket
0800d6f8 T inode_free
0800d716 T file_dup
0800d752 T nx_dup
0800d76c T dup
0800d786 T binfmt_initialize
0800d788 W stm32_usbinitialize
0800d7a8 T stm32_usbsuspend
0800da00 T __aeabi_drsub
0800da08 T __aeabi_dsub
0800da08 T __subdf3
0800da0c T __adddf3
0800da0c T __aeabi_dadd
0800dc84 T __aeabi_ui2d
0800dc84 T __floatunsidf
0800dca4 T __aeabi_i2d
0800dca4 T __floatsidf
0800dcc8 T __aeabi_f2d
0800dcc8 T __extendsfdf2
0800dd0c T __aeabi_ul2d
0800dd0c T __floatundidf
0800dd1c T __aeabi_l2d
0800dd1c T __floatdidf
0800dd78 T __aeabi_dmul
0800dd78 T __muldf3
0800dfcc T __aeabi_ddiv
0800dfcc T __divdf3
0800e19c T __gedf2
0800e19c T __gtdf2
0800e1a4 T __ledf2
0800e1a4 T __ltdf2
0800e1ac T __cmpdf2
0800e1ac T __eqdf2
0800e1ac T __nedf2
0800e228 T __aeabi_cdrcmple
0800e238 T __aeabi_cdcmpeq
0800e238 T __aeabi_cdcmple
0800e248 T __aeabi_dcmpeq
0800e25c T __aeabi_dcmplt
0800e270 T __aeabi_dcmple
0800e284 T __aeabi_dcmpge
0800e298 T __aeabi_dcmpgt
0800e2ac T __aeabi_ldivmod
0800e34c T __aeabi_uldivmod
0800e37c T __aeabi_d2ulz
0800e37c T __fixunsdfdi
0800e3b8 T __udivmoddi4
0800e678 W __aeabi_idiv0
0800e678 W __aeabi_ldiv0
0800e67c T __aeabi_d2uiz
0800e67c T __fixunsdfsi
0800e6bc T _ZdlPvj
0800e6c0 T _Znwj
0800e6fc T _ZNKSt9bad_alloc4whatEv
0800e704 T _ZNSt9bad_allocD1Ev
0800e704 T _ZNSt9bad_allocD2Ev
0800e718 T _ZNSt9bad_allocD0Ev
0800e734 T _ZdlPv
0800e738 t _ZN12_GLOBAL__N_14pool4freeEPv.constprop.0
0800e7c4 t _ZN12_GLOBAL__N_14pool8allocateEj.constprop.0
0800e814 T _ZN9__gnu_cxx9__freeresEv
0800e82c T __cxa_allocate_exception
0800e85c T __cxa_free_exception
0800e87c T __cxa_allocate_dependent_exception
0800e8a4 T __cxa_free_dependent_exception
0800e8c4 t _GLOBAL__sub_I__ZN9__gnu_cxx9__freeresEv
0800e8ec T _ZNSt9exceptionD1Ev
0800e8ec T _ZNSt9exceptionD2Ev
0800e8f0 T _ZNSt13bad_exceptionD1Ev
0800e8f0 T _ZNSt13bad_exceptionD2Ev
0800e8f4 T _ZGTtNKSt9exception4whatEv
0800e8f4 T _ZNKSt9exception4whatEv
0800e8fc T _ZGTtNKSt13bad_exception4whatEv
0800e8fc T _ZNKSt13bad_exception4whatEv
0800e904 T _ZNSt9exceptionD0Ev
0800e914 T _ZNSt13bad_exceptionD0Ev
0800e924 T _ZN10__cxxabiv115__forced_unwindD1Ev
0800e924 T _ZN10__cxxabiv115__forced_unwindD2Ev
0800e928 T _ZN10__cxxabiv115__forced_unwindD0Ev
0800e938 T _ZN10__cxxabiv119__foreign_exceptionD1Ev
0800e938 T _ZN10__cxxabiv119__foreign_exceptionD2Ev
0800e93c T _ZN10__cxxabiv119__foreign_exceptionD0Ev
0800e94c T _ZGTtNKSt9exceptionD1Ev
0800e950 T _ZGTtNKSt13bad_exceptionD1Ev
0800e954 T _ZN10__cxxabiv111__terminateEPFvvE
0800e97c T _ZSt9terminatev
0800e990 T _ZN10__cxxabiv112__unexpectedEPFvvE
0800e998 T _ZSt10unexpectedv
0800e9ac T _ZSt13set_terminatePFvvE
0800e9d8 T _ZSt13get_terminatev
0800e9e8 T _ZSt14set_unexpectedPFvvE
0800ea14 T _ZSt14get_unexpectedv
0800ea24 t _ZL23__gxx_exception_cleanup19_Unwind_Reason_CodeP21_Unwind_Control_Block
0800ea68 T __cxa_init_primary_exception
0800eac0 T __cxa_throw
0800eaf8 T __cxa_rethrow
0800eb68 T _ZSt15set_new_handlerPFvvE
0800eb88 T _ZSt15get_new_handlerv
0800eb98 T __cxa_pure_virtual
0800eba0 T __cxa_deleted_virtual
0800eba8 T _ZN10__cxxabiv120__si_class_type_infoD1Ev
0800eba8 T _ZN10__cxxabiv120__si_class_type_infoD2Ev
0800ebbc T _ZN10__cxxabiv120__si_class_type_infoD0Ev
0800ebd8 T _ZNK10__cxxabiv120__si_class_type_info20__do_find_public_srcEiPKvPKNS_17__class_type_infoES2_
0800ec14 T _ZNK10__cxxabiv120__si_class_type_info12__do_dyncastEiNS_17__class_type_info10__sub_kindEPKS1_PKvS4_S6_RNS1_16__dyncast_resultE
0800ec98 T _ZNK10__cxxabiv120__si_class_type_info11__do_upcastEPKNS_17__class_type_infoEPKvRNS1_15__upcast_resultE
0800ecc4 T _ZNSt9type_infoD1Ev
0800ecc4 T _ZNSt9type_infoD2Ev
0800ecc8 T _ZNKSt9type_info14__is_pointer_pEv
0800ecc8 T _ZNKSt9type_info15__is_function_pEv
0800eccc T _ZNKSt9type_info11__do_upcastEPKN10__cxxabiv117__class_type_infoEPPv
0800ecd0 T _ZNSt9type_infoD0Ev
0800ece0 T _ZNKSt9type_infoeqERKS_
0800ed0c T _ZNKSt9type_info10__do_catchEPKS_PPvj
0800ed10 T _ZNK10__cxxabiv117__class_type_info11__do_upcastEPKS0_PPv
0800ed48 T _ZNK10__cxxabiv117__class_type_info20__do_find_public_srcEiPKvPKS0_S2_
0800ed54 T _ZN10__cxxabiv117__class_type_infoD1Ev
0800ed54 T _ZN10__cxxabiv117__class_type_infoD2Ev
0800ed68 T _ZN10__cxxabiv117__class_type_infoD0Ev
0800ed84 T _ZNK10__cxxabiv117__class_type_info12__do_dyncastEiNS0_10__sub_kindEPKS0_PKvS3_S5_RNS0_16__dyncast_resultE
0800edc8 T _ZNK10__cxxabiv117__class_type_info11__do_upcastEPKS0_PKvRNS0_15__upcast_resultE
0800ede4 T _ZNK10__cxxabiv117__class_type_info10__do_catchEPKSt9type_infoPPvj
0800ee10 T __cxa_end_cleanup
0800ee1c T __cxa_type_match
0800eedc T __cxa_begin_cleanup
0800ef40 T __gnu_end_cleanup
0800efb0 t _ZN10__cxxabiv1L24__is_gxx_exception_classEPc
0800efec T __cxa_call_terminate
0800f00c T __cxa_call_unexpected
0800f0ec T __cxa_get_exception_ptr
0800f0f0 T __cxa_begin_catch
0800f16c T __cxa_end_catch
0800f1f4 T _ZSt18uncaught_exceptionv
0800f204 T _ZSt19uncaught_exceptionsv
0800f210 T __cxa_get_globals_fast
0800f218 T __cxa_get_globals
0800f220 t _ZL28read_encoded_value_with_basehjPKhPj
0800f2e8 t _ZL21base_of_encoded_valuehP15_Unwind_Context
0800f330 t _ZL17parse_lsda_headerP15_Unwind_ContextPKhP16lsda_header_info
0800f3c4 T __gxx_personality_v0
0800f864 T getenv
0800f8ac T pthread_exit
0800f8f4 T pthread_destroyjoin
0800f940 T pthread_completejoin
0800f9d6 T pthread_findjoininfo
0800f9e8 T nxsched_get_files
0800f9f8 T nxsched_add_readytorun
0800fa40 T nxsched_remove_readytorun
0800fa68 T nxsched_add_prioritized
0800fab0 T nxsched_merge_pending
0800fb08 T nxsched_add_blocked
0800fb30 T nxsched_remove_blocked
0800fb4c T sched_idletask
0800fb64 T nxsched_self
0800fb70 T nxsched_get_stackinfo
0800fbb4 T nxsched_resume_scheduler
0800fbbc T nxsched_process_timer
0800fbec T nxsem_reset
0800fc2c T nxtask_exit
0800fc74 T task_getgroup
0800fc80 T nxtask_terminate
0800fcd4 T work_queue
0800fd30 T work_signal
0800fd4c T nxsched_process_roundrobin
0800fd84 T nxsig_kill
0800fdc6 T kill
0800fde0 T nx_mkfifo
0800fe14 t pipecommon_pollnotify
0800fe58 T pipecommon_allocdev
0800fea6 T pipecommon_freedev
0800fec4 T pipecommon_close
0800ff6e T pipecommon_open
08010018 T pipecommon_read
080100dc T pipecommon_write
080101d4 T pipecommon_poll
08010288 T pipecommon_ioctl
08010300 T pipecommon_unlink
08010326 T nx_vsyslog
0801034c t syslogstream_putc
0801036e T syslogstream_create
08010384 t emergstream_putc
080103a2 T emergstream
080103b8 T syslog_putc
080103e4 T syslog_force
080103f0 T syslog_flush
08010400 t devnull_read
08010404 t devnull_write
08010408 t devnull_poll
08010424 T devnull_register
0801043c T localeconv
08010444 T htons
0801044a T ntohs
08010450 T dq_addlast
08010466 T dq_remfirst
08010482 T printf
080104a6 T asprintf
080104c0 T snprintf
080104ee T vasprintf
08010538 t nulloutstream_putc
08010540 T lib_nulloutstream
08010558 T lib_mode2oflags
0801060a T fdopen
08010638 T fopen
08010682 T fclose
0801074a T fwrite
08010764 T lib_fwrite
08010816 T lib_rdflush
08010870 T vfprintf
080108a8 t stdoutstream_flush
080108b0 t stdoutstream_putc
080108d6 T lib_stdoutstream
08010908 T memcmp
0801092c T memmove
0801095a T strchr
08010972 T strcmp
08010988 T strncmp
080109a8 T fseek
080109e4 T lib_wrflush
080109fa T fputc
08010a38 T umm_addregion
08010a48 T memalign
08010a58 T umm_heapmember
08010a64 T iob_add_queue
08010a92 T iob_tryadd_queue
08010ac0 T iob_tryalloc
08010afc T iob_alloc
08010b94 T iob_tryalloc_qentry
08010bc4 T iob_alloc_qentry
08010c44 t iob_copyin_internal.part.0
08010cf4 T iob_copyin
08010d1a T iob_trycopyin
08010d40 T iob_free_chain
08010d50 T iob_free_queue
08010d74 T iob_navail
08010d98 T iob_qentry_navail
08010dbc T mm_memalign
08010e64 T mm_heapmember
08010e8c T iob_free
08010ed8 T iob_free_qentry
08010f14 T up_reprioritize_rtr
08010f88 T _ZNKSt3__112bad_weak_ptr4whatEv
08010f90 T _ZNKSt3__119__shared_weak_count13__get_deleterERKSt9type_info
08010f94 T _ZNSt3__112bad_weak_ptrD1Ev
08010f94 T _ZNSt3__112bad_weak_ptrD2Ev
08010fa8 T _ZNSt3__112bad_weak_ptrD0Ev
08010fbc T _ZNSt3__114__shared_countD1Ev
08010fbc T _ZNSt3__114__shared_countD2Ev
08010fbe T _ZNSt3__114__shared_countD0Ev
08010fcc T _ZNSt3__119__shared_weak_countD1Ev
08010fcc T _ZNSt3__119__shared_weak_countD2Ev
08010fce T _ZNSt3__119__shared_weak_countD0Ev
08010fdc T _ZNSt3__114__shared_count12__add_sharedEv
08010fee T _ZNSt3__114__shared_count16__release_sharedEv
0801101e T _ZNSt3__119__shared_weak_count12__add_sharedEv
08011022 T _ZNSt3__119__shared_weak_count10__add_weakEv
08011034 T _ZNSt3__119__shared_weak_count14__release_weakEv
08011066 T _ZNSt3__119__shared_weak_count16__release_sharedEv
0801107c T _ZNSt3__119__shared_weak_count4lockEv
080110b2 T _ZNSt3__18__sp_mut4lockEv
080110d6 T _ZNSt3__18__sp_mut6unlockEv
080110dc T _ZNSt3__112__get_sp_mutEPKv
08011124 T _ZNSt3__117declare_reachableEPv
08011126 T _ZNSt3__119declare_no_pointersEPcj
08011128 T _ZNSt3__121undeclare_no_pointersEPcj
0801112a T _ZNSt3__118get_pointer_safetyEv
08011130 T _ZNSt3__121__undeclare_reachableEPv
08011132 T _ZNSt3__15alignEjjRPvRj
0801115c t _ZNSt3__112_GLOBAL__N_112throw_helperISt12out_of_rangeEEvRKNS_12basic_stringIcNS_11char_traitsIcEENS_9allocatorIcEEEE
0801115c t _ZNSt3__112_GLOBAL__N_112throw_helperISt16invalid_argumentEEvRKNS_12basic_stringIcNS_11char_traitsIcEENS_9allocatorIcEEEE
08011180 t _ZNSt3__112_GLOBAL__N_130throw_from_string_out_of_rangeERKNS_12basic_stringIcNS_11char_traitsIcEENS_9allocatorIcEEEE
080111b8 t _ZNSt3__112_GLOBAL__N_129throw_from_string_invalid_argERKNS_12basic_stringIcNS_11char_traitsIcEENS_9allocatorIcEEEE
080111f0 t _ZNSt3__112_GLOBAL__N_117as_integer_helperIlNS_12basic_stringIwNS_11char_traitsIwEENS_9allocatorIwEEEEPFlPKwPPwiEEET_RKNS2_IcNS3_IcEENS5_IcEEEERKT0_PjiT1_.constprop.0
08011254 t _ZNSt3__112_GLOBAL__N_117as_integer_helperIlNS_12basic_stringIcNS_11char_traitsIcEENS_9allocatorIcEEEEPFlPKcPPciEEET_RKS7_RKT0_PjiT1_.constprop.0
080112b6 t _ZNKSt3__112_GLOBAL__N_114initial_stringINS_12basic_stringIcNS_11char_traitsIcEENS_9allocatorIcEEEEEclEv.isra.0
080112cc t _ZNKSt3__112_GLOBAL__N_114initial_stringINS_12basic_stringIwNS_11char_traitsIwEENS_9allocatorIwEEEEEclEv.isra.0
080112f8 T _ZNSt3__14stoiERKNS_12basic_stringIcNS_11char_traitsIcEENS_9allocatorIcEEEEPji
0801132c T _ZNSt3__14stoiERKNS_12basic_stringIwNS_11char_traitsIwEENS_9allocatorIwEEEEPji
08011360 T _ZNSt3__14stolERKNS_12basic_stringIcNS_11char_traitsIcEENS_9allocatorIcEEEEPji
08011394 T _ZNSt3__14stolERKNS_12basic_stringIwNS_11char_traitsIwEENS_9allocatorIwEEEEPji
080113c8 T _ZNSt3__15stoulERKNS_12basic_stringIcNS_11char_traitsIcEENS_9allocatorIcEEEEPji
08011438 T _ZNSt3__15stoulERKNS_12basic_stringIwNS_11char_traitsIwEENS_9allocatorIwEEEEPji
080114ac T _ZNSt3__15stollERKNS_12basic_stringIcNS_11char_traitsIcEENS_9allocatorIcEEEEPji
08011528 T _ZNSt3__15stollERKNS_12basic_stringIwNS_11char_traitsIwEENS_9allocatorIwEEEEPji
080115a4 T _ZNSt3__16stoullERKNS_12basic_stringIcNS_11char_traitsIcEENS_9allocatorIcEEEEPji
08011620 T _ZNSt3__16stoullERKNS_12basic_stringIwNS_11char_traitsIwEENS_9allocatorIwEEEEPji
0801169c T _ZNSt3__14stofERKNS_12basic_stringIcNS_11char_traitsIcEENS_9allocatorIcEEEEPj
0801170c T _ZNSt3__14stofERKNS_12basic_stringIwNS_11char_traitsIwEENS_9allocatorIwEEEEPj
0801177c T _ZNSt3__14stodERKNS_12basic_stringIcNS_11char_traitsIcEENS_9allocatorIcEEEEPj
080117f4 T _ZNSt3__14stodERKNS_12basic_stringIwNS_11char_traitsIwEENS_9allocatorIwEEEEPj
08011870 T _ZNSt3__15stoldERKNS_12basic_stringIcNS_11char_traitsIcEENS_9allocatorIcEEEEPj
080118e8 T _ZNSt3__15stoldERKNS_12basic_stringIwNS_11char_traitsIwEENS_9allocatorIwEEEEPj
08011960 T _ZNSt3__19to_stringEf
080119f0 T _ZNSt3__19to_stringEd
08011a74 T _ZNSt3__19to_stringEe
08011af8 T _ZNSt3__110to_wstringEf
08011b88 T _ZNSt3__110to_wstringEd
08011c0c T _ZNSt3__110to_wstringEe
08011c90 T _ZNSt3__19to_stringEi
08011cf4 T _ZNSt3__19to_stringEj
08011d10 T _ZNSt3__19to_stringEl
08011d74 T _ZNSt3__19to_stringEm
08011d90 T _ZNSt3__19to_stringEx
08011e1c T _ZNSt3__19to_stringEy
08011e3c T _ZNSt3__110to_wstringEi
08011ea0 T _ZNSt3__110to_wstringEj
08011ebc T _ZNSt3__110to_wstringEl
08011f20 T _ZNSt3__110to_wstringEm
08011f3c T _ZNSt3__110to_wstringEx
08011fc8 T _ZNSt3__110to_wstringEy
08011fe8 W _ZNSt3__111char_traitsIcE4moveEPcPKcj
08011ff0 W _ZNSt3__111char_traitsIcE4copyEPcPKcj
08011ff8 W _ZNSt3__111char_traitsIcE6assignEPcjc
08012006 W _ZNSt3__111char_traitsIcE4findEPKcjRS2_
08012016 W _ZNSt3__111char_traitsIwE4moveEPwPKwj
0801201e W _ZNSt3__111char_traitsIwE4copyEPwPKwj
08012026 W _ZNSt3__111char_traitsIwE6assignEPwjw
08012034 W _ZNSt3__111char_traitsIwE4findEPKwjRS2_
08012044 W _ZNKSt3__121__basic_string_commonILb1EE20__throw_length_errorEv
0801204a W _ZNKSt3__121__basic_string_commonILb1EE20__throw_out_of_rangeEv
08012050 W _ZNKSt3__112basic_stringIcNS_11char_traitsIcEENS_9allocatorIcEEE5rfindEPKcjj
080120ba W _ZNSt3__112basic_stringIcNS_11char_traitsIcEENS_9allocatorIcEEE6__initEPKcjj
08012106 W _ZNKSt3__112basic_stringIcNS_11char_traitsIcEENS_9allocatorIcEEE16find_last_not_ofEPKcjj
08012140 W _ZNSt3__112basic_stringIcNS_11char_traitsIcEENS_9allocatorIcEEED1Ev
08012140 W _ZNSt3__112basic_stringIcNS_11char_traitsIcEENS_9allocatorIcEEED2Ev
0801215a W _ZNKSt3__112basic_stringIcNS_11char_traitsIcEENS_9allocatorIcEEE17find_first_not_ofEPKcjj
08012198 W _ZNSt3__112basic_stringIcNS_11char_traitsIcEENS_9allocatorIcEEEaSEc
080121b6 W _ZNSt3__112basic_stringIcNS_11char_traitsIcEENS_9allocatorIcEEE6__initEPKcj
08012204 W _ZNKSt3__112basic_stringIcNS_11char_traitsIcEENS_9allocatorIcEEE2atEj
08012226 W _ZNKSt3__112basic_stringIcNS_11char_traitsIcEENS_9allocatorIcEEE13find_first_ofEPKcjj
08012264 W _ZNSt3__112basic_stringIcNS_11char_traitsIcEENS_9allocatorIcEEE7reserveEj
08012328 W _ZNKSt3__112basic_stringIcNS_11char_traitsIcEENS_9allocatorIcEEE4copyEPcjj
0801235e W _ZNSt3__112basic_stringIcNS_11char_traitsIcEENS_9allocatorIcEEEC1ERKS5_jjRKS4_
0801235e W _ZNSt3__112basic_stringIcNS_11char_traitsIcEENS_9allocatorIcEEEC2ERKS5_jjRKS4_
0801239c W _ZNKSt3__112basic_stringIcNS_11char_traitsIcEENS_9allocatorIcEEE4findEcj
080123d2 W _ZNSt3__112basic_stringIcNS_11char_traitsIcEENS_9allocatorIcEEE6__initEjc
08012420 W _ZNKSt3__112basic_stringIcNS_11char_traitsIcEENS_9allocatorIcEEE12find_last_ofEPKcjj
08012460 W _ZNSt3__112basic_stringIcNS_11char_traitsIcEENS_9allocatorIcEEE9__grow_byEjjjjjj
08012504 W _ZNSt3__112basic_stringIcNS_11char_traitsIcEENS_9allocatorIcEEE6insertEjjc
080125a4 W _ZNSt3__112basic_stringIcNS_11char_traitsIcEENS_9allocatorIcEEE7replaceEjjjc
08012654 W _ZNSt3__112basic_stringIcNS_11char_traitsIcEENS_9allocatorIcEEE21__grow_by_and_replaceEjjjjjjPKc
08012710 W _ZNSt3__112basic_stringIcNS_11char_traitsIcEENS_9allocatorIcEEE7replaceEjjPKcj
08012814 W _ZNSt3__112basic_stringIcNS_11char_traitsIcEENS_9allocatorIcEEE7replaceEjjPKc
08012836 W _ZNSt3__112basic_stringIcNS_11char_traitsIcEENS_9allocatorIcEEE6insertEjPKcj
080128e4 W _ZNSt3__112basic_stringIcNS_11char_traitsIcEENS_9allocatorIcEEE6insertEjPKc
08012900 W _ZNSt3__112basic_stringIcNS_11char_traitsIcEENS_9allocatorIcEEE6appendEPKcj
0801296e W _ZNSt3__112basic_stringIcNS_11char_traitsIcEENS_9allocatorIcEEE9push_backEc
080129c6 W _ZNSt3__112basic_stringIcNS_11char_traitsIcEENS_9allocatorIcEEE6appendEjc
08012a44 W _ZNKSt3__112basic_stringIcNS_11char_traitsIcEENS_9allocatorIcEEE5rfindEcj
08012a74 W _ZNSt3__112basic_stringIcNS_11char_traitsIcEENS_9allocatorIcEEE6assignEjc
08012ada W _ZNSt3__112basic_stringIcNS_11char_traitsIcEENS_9allocatorIcEEE5eraseEjj
08012b4e W _ZNSt3__112basic_stringIcNS_11char_traitsIcEENS_9allocatorIcEEE6appendERKS5_jj
08012b84 W _ZNSt3__112basic_stringIcNS_11char_traitsIcEENS_9allocatorIcEEE2atEj
08012ba6 W _ZNKSt3__112basic_stringIcNS_11char_traitsIcEENS_9allocatorIcEEE4findEPKcjj
08012c14 W _ZNKSt3__112basic_stringIcNS_11char_traitsIcEENS_9allocatorIcEEE7compareEjjRKS5_jj
08012c86 W _ZNKSt3__112basic_stringIcNS_11char_traitsIcEENS_9allocatorIcEEE7compareEjjPKcj
08012ce0 W _ZNKSt3__112basic_stringIcNS_11char_traitsIcEENS_9allocatorIcEEE7compareEPKc
08012d00 W _ZNKSt3__112basic_stringIcNS_11char_traitsIcEENS_9allocatorIcEEE7compareEjjPKc
08012d22 W _ZNSt3__112basic_stringIcNS_11char_traitsIcEENS_9allocatorIcEEEaSERKS5_
08012dbe W _ZNSt3__112basic_stringIcNS_11char_traitsIcEENS_9allocatorIcEEE6appendEPKc
08012dd6 W _ZNSt3__112basic_stringIcNS_11char_traitsIcEENS_9allocatorIcEEE7replaceEjjRKS5_jj
08012e10 W _ZNSt3__112basic_stringIcNS_11char_traitsIcEENS_9allocatorIcEEE6insertENS_11__wrap_iterIPKcEEc
08012e84 W _ZNSt3__112basic_stringIcNS_11char_traitsIcEENS_9allocatorIcEEE6resizeEjc
08012eba W _ZNSt3__112basic_stringIcNS_11char_traitsIcEENS_9allocatorIcEEE6insertEjRKS5_jj
08012ef0 W _ZNKSt3__112basic_stringIwNS_11char_traitsIwEENS_9allocatorIwEEE5rfindEPKwjj
08012f74 W _ZNSt3__112basic_stringIwNS_11char_traitsIwEENS_9allocatorIwEEE6__initEPKwjj
08012fc8 W _ZNKSt3__112basic_stringIwNS_11char_traitsIwEENS_9allocatorIwEEE16find_last_not_ofEPKwjj
08013006 W _ZNSt3__112basic_stringIwNS_11char_traitsIwEENS_9allocatorIwEEED1Ev
08013006 W _ZNSt3__112basic_stringIwNS_11char_traitsIwEENS_9allocatorIwEEED2Ev
08013022 W _ZNKSt3__112basic_stringIwNS_11char_traitsIwEENS_9allocatorIwEEE17find_first_not_ofEPKwjj
08013066 W _ZNSt3__112basic_stringIwNS_11char_traitsIwEENS_9allocatorIwEEEaSEw
08013084 W _ZNSt3__112basic_stringIwNS_11char_traitsIwEENS_9allocatorIwEEE6__initEPKwj
080130d8 W _ZNKSt3__112basic_stringIwNS_11char_traitsIwEENS_9allocatorIwEEE2atEj
080130fc W _ZNKSt3__112basic_stringIwNS_11char_traitsIwEENS_9allocatorIwEEE13find_first_ofEPKwjj
08013148 W _ZNSt3__112basic_stringIwNS_11char_traitsIwEENS_9allocatorIwEEE7reserveEj
08013224 W _ZNKSt3__112basic_stringIwNS_11char_traitsIwEENS_9allocatorIwEEE4copyEPwjj
0801325c W _ZNSt3__112basic_stringIwNS_11char_traitsIwEENS_9allocatorIwEEEC1ERKS5_jjRKS4_
0801325c W _ZNSt3__112basic_stringIwNS_11char_traitsIwEENS_9allocatorIwEEEC2ERKS5_jjRKS4_
0801329c W _ZNKSt3__112basic_stringIwNS_11char_traitsIwEENS_9allocatorIwEEE4findEwj
080132d4 W _ZNSt3__112basic_stringIwNS_11char_traitsIwEENS_9allocatorIwEEE6__initEjw
08013328 W _ZNKSt3__112basic_stringIwNS_11char_traitsIwEENS_9allocatorIwEEE12find_last_ofEPKwjj
0801336c W _ZNSt3__112basic_stringIwNS_11char_traitsIwEENS_9allocatorIwEEE9__grow_byEjjjjjj
08013424 W _ZNSt3__112basic_stringIwNS_11char_traitsIwEENS_9allocatorIwEEE6insertEjjw
080134c6 W _ZNSt3__112basic_stringIwNS_11char_traitsIwEENS_9allocatorIwEEE7replaceEjjjw
08013578 W _ZNSt3__112basic_stringIwNS_11char_traitsIwEENS_9allocatorIwEEE21__grow_by_and_replaceEjjjjjjPKw
08013644 W _ZNSt3__112basic_stringIwNS_11char_traitsIwEENS_9allocatorIwEEE7replaceEjjPKwj
08013752 W _ZNSt3__112basic_stringIwNS_11char_traitsIwEENS_9allocatorIwEEE7replaceEjjPKw
08013774 W _ZNSt3__112basic_stringIwNS_11char_traitsIwEENS_9allocatorIwEEE6insertEjPKwj
08013826 W _ZNSt3__112basic_stringIwNS_11char_traitsIwEENS_9allocatorIwEEE6insertEjPKw
08013842 W _ZNSt3__112basic_stringIwNS_11char_traitsIwEENS_9allocatorIwEEE6appendEPKwj
080138b4 W _ZNSt3__112basic_stringIwNS_11char_traitsIwEENS_9allocatorIwEEE9push_backEw
08013910 W _ZNSt3__112basic_stringIwNS_11char_traitsIwEENS_9allocatorIwEEE6appendEjw
0801398e W _ZNKSt3__112basic_stringIwNS_11char_traitsIwEENS_9allocatorIwEEE5rfindEwj
080139c2 W _ZNSt3__112basic_stringIwNS_11char_traitsIwEENS_9allocatorIwEEE6assignEjw
08013a2a W _ZNSt3__112basic_stringIwNS_11char_traitsIwEENS_9allocatorIwEEE5eraseEjj
08013aa8 W _ZNSt3__112basic_stringIwNS_11char_traitsIwEENS_9allocatorIwEEE6appendERKS5_jj
08013ae0 W _ZNSt3__112basic_stringIwNS_11char_traitsIwEENS_9allocatorIwEEE2atEj
08013b04 W _ZNKSt3__112basic_stringIwNS_11char_traitsIwEENS_9allocatorIwEEE4findEPKwjj
08013b8a W _ZNKSt3__112basic_stringIwNS_11char_traitsIwEENS_9allocatorIwEEE7compareEjjRKS5_jj
08013bfe W _ZNKSt3__112basic_stringIwNS_11char_traitsIwEENS_9allocatorIwEEE7compareEjjPKwj
08013c5a W _ZNKSt3__112basic_stringIwNS_11char_traitsIwEENS_9allocatorIwEEE7compareEPKw
08013c7a W _ZNKSt3__112basic_stringIwNS_11char_traitsIwEENS_9allocatorIwEEE7compareEjjPKw
08013c9c W _ZNSt3__112basic_stringIwNS_11char_traitsIwEENS_9allocatorIwEEEaSERKS5_
08013d3a W _ZNSt3__112basic_stringIwNS_11char_traitsIwEENS_9allocatorIwEEE6appendEPKw
08013d52 W _ZNSt3__112basic_stringIwNS_11char_traitsIwEENS_9allocatorIwEEE7replaceEjjRKS5_jj
08013d8e W _ZNSt3__112basic_stringIwNS_11char_traitsIwEENS_9allocatorIwEEE6insertENS_11__wrap_iterIPKwEEw
08013e06 W _ZNSt3__112basic_stringIwNS_11char_traitsIwEENS_9allocatorIwEEE6resizeEjw
08013e40 W _ZNSt3__112basic_stringIwNS_11char_traitsIwEENS_9allocatorIwEEE6insertEjRKS5_jj
08013e78 W _ZNSt3__1plIcNS_11char_traitsIcEENS_9allocatorIcEEEENS_12basic_stringIT_T0_T1_EEPKS6_RKS9_
08013eba W _ZNSt3__112basic_stringIcNS_11char_traitsIcEENS_9allocatorIcEEE25__init_copy_ctor_externalEPKcj
08013efa W _ZNSt3__112basic_stringIcNS_11char_traitsIcEENS_9allocatorIcEEEC1ERKS5_
08013efa W _ZNSt3__112basic_stringIcNS_11char_traitsIcEENS_9allocatorIcEEEC2ERKS5_
08013f18 W _ZNSt3__112basic_stringIcNS_11char_traitsIcEENS_9allocatorIcEEEC1ERKS5_RKS4_
08013f18 W _ZNSt3__112basic_stringIcNS_11char_traitsIcEENS_9allocatorIcEEEC2ERKS5_RKS4_
08013f36 W _ZNSt3__112basic_stringIcNS_11char_traitsIcEENS_9allocatorIcEEE17__assign_externalEPKcj
08013f94 W _ZNSt3__112basic_stringIcNS_11char_traitsIcEENS_9allocatorIcEEE6assignEPKcj
08013f9c W _ZNSt3__112basic_stringIcNS_11char_traitsIcEENS_9allocatorIcEEE6assignERKS5_jj
08013fd2 W _ZNSt3__112basic_stringIcNS_11char_traitsIcEENS_9allocatorIcEEE6assignEPKc
08013fec W _ZNSt3__112basic_stringIwNS_11char_traitsIwEENS_9allocatorIwEEE25__init_copy_ctor_externalEPKwj
08014030 W _ZNSt3__112basic_stringIwNS_11char_traitsIwEENS_9allocatorIwEEEC1ERKS5_
08014030 W _ZNSt3__112basic_stringIwNS_11char_traitsIwEENS_9allocatorIwEEEC2ERKS5_
0801404e W _ZNSt3__112basic_stringIwNS_11char_traitsIwEENS_9allocatorIwEEEC1ERKS5_RKS4_
0801404e W _ZNSt3__112basic_stringIwNS_11char_traitsIwEENS_9allocatorIwEEEC2ERKS5_RKS4_
0801406c W _ZNSt3__112basic_stringIwNS_11char_traitsIwEENS_9allocatorIwEEE17__assign_externalEPKwj
080140cc W _ZNSt3__112basic_stringIwNS_11char_traitsIwEENS_9allocatorIwEEE6assignEPKwj
080140d4 W _ZNSt3__112basic_stringIwNS_11char_traitsIwEENS_9allocatorIwEEE6assignERKS5_jj
0801410c W _ZNSt3__112basic_stringIwNS_11char_traitsIwEENS_9allocatorIwEEE6assignEPKw
08014124 W _ZNSt3__112basic_stringIcNS_11char_traitsIcEENS_9allocatorIcEEE6__initIPcEENS_9_MetaBaseIXsrNS_27__is_cpp17_forward_iteratorIT_EE5valueEE13_EnableIfImplIvEESA_SA_
0801417c W _ZNSt3__112basic_stringIwNS_11char_traitsIwEENS_9allocatorIwEEE6__initIPcEENS_9_MetaBaseIXsrNS_27__is_cpp17_forward_iteratorIT_EE5valueEE13_EnableIfImplIvEESA_SA_
080141d8 T _ZNSt3__16__itoa8__u32toaEmPc
08014390 T _ZNSt3__16__itoa8__u64toaEyPc
080147bc W _ZNSt3__120__vector_base_commonILb1EEC1Ev
080147bc W _ZNSt3__120__vector_base_commonILb1EEC2Ev
080147be W _ZNKSt3__120__vector_base_commonILb1EE20__throw_length_errorEv
080147c4 W _ZNKSt3__120__vector_base_commonILb1EE20__throw_out_of_rangeEv
080147ca T psock_recvfrom
08014808 T nx_recvfrom
0801482c T recvfrom
08014862 T psock_send
0801488c T nx_send
080148a6 T send
080148d2 T psock_socket
0801491a T psock_close
0801494e T psock_recvmsg
08014984 T nx_recvmsg
0801499a T recvmsg
080149c6 T psock_sendmsg
080149ee T nx_sendmsg
08014a04 T sendmsg
08014a30 T psock_dup2
08014a98 T net_sockif
08014abc T psock_poll
08014ac2 T psock_vfcntl
08014b4c T psock_fcntl
08014b68 t inet_sockcaps
08014b76 t inet_recvmsg
08014bc2 t inet_poll
08014be8 t inet_listen
08014c10 t inet_getpeername
08014c20 t inet_getsockname
08014c30 t inet_addref
08014c4e T inet_close
08014c92 t inet_send
08014cc8 t inet_accept
08014d20 t inet_connect
08014d70 t inet_bind
08014d9c t inet_setup
08014de4 t inet_sendmsg
08014ed0 T inet_sockif
08014f0c T ipv4_getsockname
08014f9a T ipv4_getpeername
08014fee t icmp_sockcaps
08014ff2 t icmp_addref
08014ffc t icmp_connect
08015002 t icmp_accept
08015008 t icmp_bind
0801500e t icmp_getsockname
08015014 t icmp_listen
0801501a t icmp_close
08015044 t icmp_netpoll
0801504e t icmp_setup
08015078 t icmp_getpeername
08015080 t sendto_eventhandler
08015150 T icmp_sendmsg
080152a0 t recvfrom_eventhandler
08015326 T icmp_recvmsg
08015494 t icmp_poll_eventhandler
080154d4 T icmp_pollsetup
08015554 T icmp_pollteardown
08015574 t pkt_sockcaps
08015578 t pkt_addref
08015582 t pkt_connect
08015588 t pkt_accept
0801558e t pkt_getsockname
08015594 t pkt_listen
0801559a t pkt_poll_local
080155a0 t pkt_close
080155cc t pkt_bind
0801561a t pkt_setup
08015640 t pkt_getpeername
08015648 t psock_send_eventhandler
08015688 T pkt_sendmsg
08015760 t pkt_recvfrom_eventhandler
080157bc T pkt_recvmsg
08015860 t psock_teardown_callbacks
0801588a t psock_connect_eventhandler
080158ec T psock_tcp_connect
08015998 t accept_eventhandler
080159dc T psock_tcp_accept
08015a7c t tcp_ackhandler
08015aaa t tcp_recvhandler
08015b70 T psock_tcp_recvfrom
08015ce4 t tcpsend_eventhandler
08015d9c T psock_tcp_send
08015e88 T psock_tcp_cansend
08015e8c t udp_eventhandler
08015f36 T psock_udp_recvfrom
08016090 t sendto_eventhandler
080160d8 T psock_udp_sendto
080161c0 T psock_udp_cansend
080161c4 t netdev_ifr_dev
080161cc T netdev_ifup
080161e8 T netdev_ifdown
08016214 T psock_vioctl
080164ac T psock_ioctl
080164c6 T netdev_ipv4_txnotify
080164da T netdev_txnotify_dev
080164e4 T netdev_findbyname
08016514 T netdev_findbyindex
08016558 T netdev_nextindex
08016590 T netdev_count
080165b0 t ifconf_ipv4_callback
080165f8 T netdev_ipv4_ifconf
08016618 T pkt_find_device
08016624 t local_sockcaps
08016628 t local_addref
08016632 t local_close
0801665e t local_poll
08016668 t local_getsockname
080166c6 t local_getpeername
080166c8 t local_bind
080166ea t local_connect
08016724 t local_setup
0801675c T local_accept_pollnotify
08016798 T local_pollsetup
080168e6 T local_pollteardown
0801699c T local_sendmsg
08016a6c T psock_local_connect
08016be0 T local_accept
08016ce4 t tcp_close_eventhandler
08016d22 T tcp_close
08016dc8 t tcp_poll_eventhandler
08016e30 T tcp_pollsetup
08016ef4 T tcp_pollteardown
08016f14 T udp_find_laddr_device
08016f20 T udp_find_raddr_device
08016f44 T udp_close
08016f60 t udp_poll_eventhandler
08016fac T udp_pollsetup
08017054 T udp_pollteardown
08017074 T devif_send
08017084 T devif_pkt_send
08017098 T icmp_chksum
080170b0 T local_release
080170f8 T psock_local_bind
0801714a t psock_fifo_read
0801717c T local_recvmsg
080172e4 t local_fifo_write
0801730c T local_send_packet
08017384 T local_fifo_read
080173be T local_sync
08017418 T local_getaddr
08017456 T file_seek
08017496 T nx_seek
080174b4 T lseek
080174d0 T file_poll
08017536 t poll_fdsetup
08017554 T nx_poll
080176f8 T poll
08017714 T file_read
0801773a T nx_read
08017758 T read
08017772 T pthread_mutex_trylock
080177be T pthread_mutex_unlock
080177fc t pthread_mutex_add
0801781c T pthread_mutex_take
0801785c T pthread_mutex_trytake
08017890 T pthread_mutex_give
080178d8 T nxsched_get_streams
080178e8 T sched_yield
080178fc T nxsem_tickwait
08017958 T nxsem_tickwait_uninterruptible
08017970 T nxsched_set_priority
080179f4 T pthread_mutex_lock
080179fa T fprintf
08017a14 T strtol
08017a88 T strtoll
08017b24 T strtoul
08017bde T strtoull
08017cec T strtod
08017ed8 T strtof
08018084 T strtold
08018270 T lib_checkbase
080182d0 T lib_isbasedigit
0801831c T memchr
0801833c T lib_skipspace
08018354 T wcslen
08018366 T wmemchr
08018384 T wmemcmp
080183ac T wmemcpy
080183b2 T wmemmove
080183b8 T wmemset
080183c8 T wcstol
080183cc T wcstoll
080183d0 T wcstoul
080183d4 T wcstoull
080183d8 T wcstold
080183dc T wcstof
080183e0 T wcstod
080183e4 T swprintf
08018412 T isdigit
0801841e T isspace
08018432 T iob_copyout
08018488 T iob_peek_queue
08018490 T iob_remove_queue
080184aa T iob_trimhead_queue
080184c0 T iob_trimhead
0801866c T __aeabi_frsub
08018674 T __aeabi_fsub
08018674 T __subsf3
08018678 T __addsf3
08018678 T __aeabi_fadd
080187d8 T __aeabi_ui2f
080187d8 T __floatunsisf
080187e0 T __aeabi_i2f
080187e0 T __floatsisf
080187fc T __aeabi_ul2f
080187fc T __floatundisf
0801880c T __aeabi_l2f
0801880c T __floatdisf
08018888 T __aeabi_fmul
08018888 T __mulsf3
080189f0 T __aeabi_fdiv
080189f0 T __divsf3
08018b28 T __gesf2
08018b28 T __gtsf2
08018b30 T __lesf2
08018b30 T __ltsf2
08018b38 T __cmpsf2
08018b38 T __eqsf2
08018b38 T __nesf2
08018b98 T __aeabi_cfrcmple
08018ba0 T __aeabi_cfcmpeq
08018ba0 T __aeabi_cfcmple
08018bb0 T __aeabi_fcmpeq
08018bc4 T __aeabi_fcmplt
08018bd8 T __aeabi_fcmple
08018bec T __aeabi_fcmpge
08018c00 T __aeabi_fcmpgt
08018c14 T pthread_mutex_timedlock
08018c60 T g_idle_topstack
08018c64 T g_gpiobase
08018cac t g_uart_devs
08018cc4 t g_uart_ops
08018de1 t __FUNCTION__.5842
08018df0 t g_ledbits
08018e00 t g_idlename
08018e0c T g_tasklisttable
08018e77 t g_noname
08018e90 t g_serialops
08018eb0 t g_syslog_console_channel
08018ec0 t g_default_channel
08018ed0 t g_syscrlf
08018eda t g_nullstring
08018ee8 T g_dtoa_round
08018f68 T g_dtoa_scale_down
08018fb0 T g_dtoa_scale_up
08018ff8 t g_baud_table
080190f0 t g_daysbeforemonth
08019292 t __FUNCTION__.6223
0801929f t __FUNCTION__.6249
080192a9 t __FUNCTION__.6231
080192b9 t __FUNCTION__.6239
080192c8 t g_devops
080192e4 t g_epops
080193e8 V _ZTVN8nlohmann6detail21output_string_adapterIcNSt3__112basic_stringIcNS2_11char_traitsIcEENS2_9allocatorIcEEEEEE
08019400 V _ZTVNSt3__120__shared_ptr_emplaceIN8nlohmann6detail21output_string_adapterIcNS_12basic_stringIcNS_11char_traitsIcEENS_9allocatorIcEEEEEENS7_ISA_EEEE
0801941c V _ZZN8nlohmann6detail10serializerINS_10basic_jsonINSt3__13mapENS3_6vectorENS3_12basic_stringIcNS3_11char_traitsIcEENS3_9allocatorIcEEEEbxydS9_NS_14adl_serializerENS5_IhNS9_IhEEEEEEE6decodeERhRmhE5utf8d
080195ac V _ZZN8nlohmann6detail10serializerINS_10basic_jsonINSt3__13mapENS3_6vectorENS3_12basic_stringIcNS3_11char_traitsIcEENS3_9allocatorIcEEEEbxydS9_NS_14adl_serializerENS5_IhNS9_IhEEEEEEE12dump_integerIyLi0EEEvT_E12digits_to_99
08019674 V _ZZN8nlohmann6detail10serializerINS_10basic_jsonINSt3__13mapENS3_6vectorENS3_12basic_stringIcNS3_11char_traitsIcEENS3_9allocatorIcEEEEbxydS9_NS_14adl_serializerENS5_IhNS9_IhEEEEEEE12dump_integerIxLi0EEEvT_E12digits_to_99
0801973c V _ZZN8nlohmann6detail10serializerINS_10basic_jsonINSt3__13mapENS3_6vectorENS3_12basic_stringIcNS3_11char_traitsIcEENS3_9allocatorIcEEEEbxydS9_NS_14adl_serializerENS5_IhNS9_IhEEEEEEE12dump_integerIhLi0EEEvT_E12digits_to_99
08019808 V _ZZN8nlohmann6detail9dtoa_impl36get_cached_power_for_binary_exponentEiE13kCachedPowers
08019cf8 t _ZNSt3__1L19piecewise_constructE
08019cff t g_broadcast_ethaddr
08019d64 t g_sock_fileops
08019d94 T _ZTISt9bad_alloc
08019da0 T _ZTSSt9bad_alloc
08019db0 T _ZTVSt9bad_alloc
08019de8 T _ZTIN10__cxxabiv115__forced_unwindE
08019df0 T _ZTIN10__cxxabiv119__foreign_exceptionE
08019df8 T _ZTISt13bad_exception
08019e04 T _ZTISt9exception
08019e0c T _ZTSN10__cxxabiv115__forced_unwindE
08019e2c T _ZTSN10__cxxabiv119__foreign_exceptionE
08019e50 T _ZTSSt13bad_exception
08019e64 T _ZTSSt9exception
08019e74 T _ZTVN10__cxxabiv115__forced_unwindE
08019e88 T _ZTVN10__cxxabiv119__foreign_exceptionE
08019e9c T _ZTVSt13bad_exception
08019eb0 T _ZTVSt9exception
08019ec4 T _ZSt7nothrow
08019ec8 T _ZTIN10__cxxabiv120__si_class_type_infoE
08019ed4 T _ZTSN10__cxxabiv120__si_class_type_infoE
08019efc T _ZTVN10__cxxabiv120__si_class_type_infoE
08019f28 T _ZTISt9type_info
08019f30 T _ZTSSt9type_info
08019f40 T _ZTVSt9type_info
08019f60 T _ZTIN10__cxxabiv117__class_type_infoE
08019f6c T _ZTSN10__cxxabiv117__class_type_infoE
08019f90 T _ZTVN10__cxxabiv117__class_type_infoE
08019fbc t fifo_fops
08019fe8 t devnull_fops
0801a018 T _ZTVNSt3__112bad_weak_ptrE
0801a02c T _ZTVNSt3__114__shared_countE
0801a040 T _ZTVNSt3__119__shared_weak_countE
0801a05c T _ZNSt3__113allocator_argE
0801a0cc V _ZNSt3__112basic_stringIwNS_11char_traitsIwEENS_9allocatorIwEEE4nposE
0801a0d0 V _ZNSt3__112basic_stringIcNS_11char_traitsIcEENS_9allocatorIcEEE4nposE
0801a0d8 t _ZNSt3__16__itoaL10__pow10_32E
0801a100 t _ZNSt3__16__itoaL10__pow10_64E
0801a1a0 t _ZNSt3__16__itoaL10cDigitsLutE
0801a268 t g_inet_sockif
0801a29c T g_icmp_sockif
0801a2d0 T g_pkt_sockif
0801a30c T g_local_sockif
0801a340 t g_preamble
0801a348 A _etext
0801a348 A _sinit
0801a34c A _einit
0801a7bc A __exidx_start
0801c3ec A _eronly
0801c3ec A __exidx_end
20000000 A _sdata
20000000 d g_usart1priv
2000006c d g_usart3priv
200000d8 d g_usart2priv
20000144 D g_syslog_channel
20000148 D g_syslog_mask
2000014a d g_holder
2000014c d g_sock_inode
20000164 D _ZN10__cxxabiv120__unexpected_handlerE
20000168 D _ZN10__cxxabiv119__terminate_handlerE
2000016c d g_c_lconv
200001a4 d _ZZNSt3__112__get_sp_mutEPKvE4muts
200001e4 d _ZNSt3__1L8mut_backE
200002a4 A _edata
200002a4 A _sbss
200002a4 b g_usart3txbuffer
200003a4 b g_usart3rxbuffer
200004a4 b g_usart2txbuffer
20000524 b g_usart2rxbuffer
200005a4 b g_usart1txbuffer
200006a4 b g_usart1rxbuffer
200007a4 b g_idletcb
20000898 b g_idleargv
200008a0 B g_system_timer
200008a4 b g_syslog_dev
200008c0 b inited.5794
200008c4 b initialized.4077
200008c8 b g_iob_qpool
20000988 b g_iob_pool
20001ca8 b s_last_regs
20001cf4 b g_otgfsdev
20001e34 b g_stm32ethmac
20003ea0 B g_netdevices
20003ea4 b g_arptable
20003fa4 b g_free_pkt_connections
20003fac b g_active_pkt_connections
20003fb4 b g_free_sem
20003fb8 b g_pkt_connections
20003fd0 b g_tcp_connections
20004350 b g_last_tcp_port.5343
20004354 b g_free_tcp_connections
2000435c b g_active_tcp_connections
20004364 b g_tcpsequence
20004368 b tcp_listenports
200043b8 b g_last_udp_port.5212
200043bc b g_free_udp_connections
200043c4 b g_active_udp_connections
200043cc b g_free_sem
200043d0 b g_cbfreelist
200043d4 b g_cbprealloc
20004514 b g_netlock
20004518 b g_count
2000451c b g_free_icmp_connections
20004524 b g_active_icmp_connections
2000452c b g_free_sem
20004530 b g_icmp_connections
200045d0 b g_inode_sem
200045d8 B g_root_inode
200045dc b _ZN12_GLOBAL__N_114emergency_poolE
200045ec b _ZN12_GLOBAL__N_113__new_handlerE
200045f0 b _ZL10eh_globals
200045fc b g_next_instance_id.5392
20004600 B g_current_regs
20004604 B g_waitingformqnotempty
2000460c B g_waitingforsemaphore
20004614 B g_readytorun
2000461c B g_waitingformqnotfull
20004624 B g_inactivetasks
2000462c B g_waitingforsignal
20004634 B g_pidhash
200046b4 B g_pendingtasks
200046bc B g_lastpid
200046be B g_nx_initstate
200046c0 B g_running_tasks
200046c4 B g_hpwork
200046d0 B g_irqvector
200049e0 B g_basetime
200049e8 B g_sigfreeaction
200049f0 B g_sigpendingaction
200049f8 B g_sigpendingirqaction
20004a00 B g_sigpendingirqsignal
20004a08 B g_sigpendingsignal
20004a10 B g_wdactivelist
20004a18 B g_mmheap
20004b6c B g_qentry_sem
20004b70 B g_iob_freelist
20004b74 B g_iob_freeqlist
20004b78 B g_iob_sem
20004b7c B g_iob_committed
20004b80 B g_iob_qcommitted
20004b84 B g_devset
20004b88 B g_devfreed
20004b8c B g_local_listeners
20004b94 B g_udp_connections
20004d34 B g_ipid
20004d38 A _ebss
